Archive member included to satisfy reference by file (symbol)

c:/program files (x86)/atmel/studio/7.0/toolchain/avr8/avr8-gnu-toolchain/bin/../lib/gcc/avr/4.9.2/avr6\libgcc.a(_exit.o)
                              C:/Program Files (x86)/Atmel/Studio/7.0/Packs/atmel/ATmega_DFP/1.0.106/gcc/dev/atmega2560/avr6/crtatmega2560.o (exit)
c:/program files (x86)/atmel/studio/7.0/toolchain/avr8/avr8-gnu-toolchain/bin/../lib/gcc/avr/4.9.2/avr6\libgcc.a(_tablejump2.o)
                              main.o (__tablejump2__)
c:/program files (x86)/atmel/studio/7.0/toolchain/avr8/avr8-gnu-toolchain/bin/../lib/gcc/avr/4.9.2/avr6\libgcc.a(_copy_data.o)
                              library/secuButton.o (__do_copy_data)
c:/program files (x86)/atmel/studio/7.0/toolchain/avr8/avr8-gnu-toolchain/bin/../lib/gcc/avr/4.9.2/avr6\libgcc.a(_clear_bss.o)
                              library/ir_rc/ir_remote_nec.o (__do_clear_bss)
c:/program files (x86)/atmel/studio/7.0/toolchain/avr8/avr8-gnu-toolchain/bin/../lib/gcc/avr/4.9.2/../../../../avr/lib/avr6\libc.a(itoa_ncheck.o)
                              main.o (__itoa_ncheck)
c:/program files (x86)/atmel/studio/7.0/toolchain/avr8/avr8-gnu-toolchain/bin/../lib/gcc/avr/4.9.2/../../../../avr/lib/avr6\libc.a(utoa_ncheck.o)
                              c:/program files (x86)/atmel/studio/7.0/toolchain/avr8/avr8-gnu-toolchain/bin/../lib/gcc/avr/4.9.2/../../../../avr/lib/avr6\libc.a(itoa_ncheck.o) (__utoa_common)
c:/program files (x86)/atmel/studio/7.0/toolchain/avr8/avr8-gnu-toolchain/bin/../lib/gcc/avr/4.9.2/../../../../avr/lib/avr6\libc.a(fprintf.o)
                              library/uart.o (fprintf)
c:/program files (x86)/atmel/studio/7.0/toolchain/avr8/avr8-gnu-toolchain/bin/../lib/gcc/avr/4.9.2/../../../../avr/lib/avr6\libc.a(printf.o)
                              library/uart.o (printf)
c:/program files (x86)/atmel/studio/7.0/toolchain/avr8/avr8-gnu-toolchain/bin/../lib/gcc/avr/4.9.2/../../../../avr/lib/avr6\libc.a(vfprintf_std.o)
                              c:/program files (x86)/atmel/studio/7.0/toolchain/avr8/avr8-gnu-toolchain/bin/../lib/gcc/avr/4.9.2/../../../../avr/lib/avr6\libc.a(fprintf.o) (vfprintf)
c:/program files (x86)/atmel/studio/7.0/toolchain/avr8/avr8-gnu-toolchain/bin/../lib/gcc/avr/4.9.2/../../../../avr/lib/avr6\libc.a(strnlen_P.o)
                              c:/program files (x86)/atmel/studio/7.0/toolchain/avr8/avr8-gnu-toolchain/bin/../lib/gcc/avr/4.9.2/../../../../avr/lib/avr6\libc.a(vfprintf_std.o) (strnlen_P)
c:/program files (x86)/atmel/studio/7.0/toolchain/avr8/avr8-gnu-toolchain/bin/../lib/gcc/avr/4.9.2/../../../../avr/lib/avr6\libc.a(strnlen.o)
                              c:/program files (x86)/atmel/studio/7.0/toolchain/avr8/avr8-gnu-toolchain/bin/../lib/gcc/avr/4.9.2/../../../../avr/lib/avr6\libc.a(vfprintf_std.o) (strnlen)
c:/program files (x86)/atmel/studio/7.0/toolchain/avr8/avr8-gnu-toolchain/bin/../lib/gcc/avr/4.9.2/../../../../avr/lib/avr6\libc.a(strrev.o)
                              c:/program files (x86)/atmel/studio/7.0/toolchain/avr8/avr8-gnu-toolchain/bin/../lib/gcc/avr/4.9.2/../../../../avr/lib/avr6\libc.a(utoa_ncheck.o) (strrev)
c:/program files (x86)/atmel/studio/7.0/toolchain/avr8/avr8-gnu-toolchain/bin/../lib/gcc/avr/4.9.2/../../../../avr/lib/avr6\libc.a(fputc.o)
                              c:/program files (x86)/atmel/studio/7.0/toolchain/avr8/avr8-gnu-toolchain/bin/../lib/gcc/avr/4.9.2/../../../../avr/lib/avr6\libc.a(vfprintf_std.o) (fputc)
c:/program files (x86)/atmel/studio/7.0/toolchain/avr8/avr8-gnu-toolchain/bin/../lib/gcc/avr/4.9.2/../../../../avr/lib/avr6\libc.a(iob.o)
                              c:/program files (x86)/atmel/studio/7.0/toolchain/avr8/avr8-gnu-toolchain/bin/../lib/gcc/avr/4.9.2/../../../../avr/lib/avr6\libc.a(printf.o) (__iob)
c:/program files (x86)/atmel/studio/7.0/toolchain/avr8/avr8-gnu-toolchain/bin/../lib/gcc/avr/4.9.2/../../../../avr/lib/avr6\libc.a(ultoa_invert.o)
                              c:/program files (x86)/atmel/studio/7.0/toolchain/avr8/avr8-gnu-toolchain/bin/../lib/gcc/avr/4.9.2/../../../../avr/lib/avr6\libc.a(vfprintf_std.o) (__ultoa_invert)

Allocating common symbols
Common symbol       size              file

newCommandFlag      0x1               library/ir_rc/ir_remote_nec.o
repeat              0x1               library/ir_rc/ir_remote_nec.o
command             0x4               library/ir_rc/ir_remote_nec.o
temperature         0x1               main.o
pcf8574_pinstatus   0x8               library/lcd1602/lcdpcf8574.o
RFIDstr             0x10              main.o
state               0x1               library/ir_rc/ir_remote_nec.o
total_cycles_counter
                    0x4               library/ir_rc/ir_remote_nec.o
humidity            0x1               main.o
securityEnableFlag  0x1               library/secuButton.o
current_command     0x4               library/ir_rc/ir_remote_nec.o
command_bits_counter
                    0x1               library/ir_rc/ir_remote_nec.o
alarmFlag           0x1               library/secuButton.o
edge                0x1               library/ir_rc/ir_remote_nec.o
cycles_counter      0x4               library/ir_rc/ir_remote_nec.o
__iob               0x6               c:/program files (x86)/atmel/studio/7.0/toolchain/avr8/avr8-gnu-toolchain/bin/../lib/gcc/avr/4.9.2/../../../../avr/lib/avr6\libc.a(iob.o)

Discarded input sections

 .data          0x00000000        0x0 C:/Program Files (x86)/Atmel/Studio/7.0/Packs/atmel/ATmega_DFP/1.0.106/gcc/dev/atmega2560/avr6/crtatmega2560.o
 .bss           0x00000000        0x0 C:/Program Files (x86)/Atmel/Studio/7.0/Packs/atmel/ATmega_DFP/1.0.106/gcc/dev/atmega2560/avr6/crtatmega2560.o
 .text          0x00000000        0x0 library/ir_rc/ir_remote_nec.o
 .data          0x00000000        0x0 library/ir_rc/ir_remote_nec.o
 .bss           0x00000000        0x0 library/ir_rc/ir_remote_nec.o
 .text.ir_handle_state_wait_edge_rising
                0x00000000        0x6 library/ir_rc/ir_remote_nec.o
 .text          0x00000000        0x0 library/lcd1602/i2cmaster.o
 .data          0x00000000        0x0 library/lcd1602/i2cmaster.o
 .bss           0x00000000        0x0 library/lcd1602/i2cmaster.o
 .text.i2c_start_wait
                0x00000000       0x50 library/lcd1602/i2cmaster.o
 .text.i2c_rep_start
                0x00000000        0x6 library/lcd1602/i2cmaster.o
 .text.i2c_readAck
                0x00000000       0x16 library/lcd1602/i2cmaster.o
 .text.i2c_readNak
                0x00000000       0x16 library/lcd1602/i2cmaster.o
 .text          0x00000000        0x0 library/lcd1602/lcdpcf8574.o
 .data          0x00000000        0x0 library/lcd1602/lcdpcf8574.o
 .bss           0x00000000        0x0 library/lcd1602/lcdpcf8574.o
 .text.lcd_data
                0x00000000       0x14 library/lcd1602/lcdpcf8574.o
 .text.lcd_getxy
                0x00000000        0x8 library/lcd1602/lcdpcf8574.o
 .text.lcd_puts_p
                0x00000000       0x24 library/lcd1602/lcdpcf8574.o
 .text          0x00000000        0x0 library/lcd1602/pcf8574.o
 .data          0x00000000        0x0 library/lcd1602/pcf8574.o
 .bss           0x00000000        0x0 library/lcd1602/pcf8574.o
 .text.pcf8574_getoutput
                0x00000000       0x14 library/lcd1602/pcf8574.o
 .text.pcf8574_setoutputpins
                0x00000000       0x8a library/lcd1602/pcf8574.o
 .text.pcf8574_getinput
                0x00000000       0x2a library/lcd1602/pcf8574.o
 .text.pcf8574_getinputpin
                0x00000000       0x32 library/lcd1602/pcf8574.o
 .text          0x00000000        0x0 library/ledlight.o
 .data          0x00000000        0x0 library/ledlight.o
 .bss           0x00000000        0x0 library/ledlight.o
 .text          0x00000000        0x0 library/RFID/mfrc522.o
 .data          0x00000000        0x0 library/RFID/mfrc522.o
 .bss           0x00000000        0x0 library/RFID/mfrc522.o
 .text          0x00000000        0x0 library/RFID/spi.o
 .data          0x00000000        0x0 library/RFID/spi.o
 .bss           0x00000000        0x0 library/RFID/spi.o
 .text          0x00000000        0x0 library/secuButton.o
 .data          0x00000000        0x0 library/secuButton.o
 .bss           0x00000000        0x0 library/secuButton.o
 .text          0x00000000        0x0 library/servo.o
 .data          0x00000000        0x0 library/servo.o
 .bss           0x00000000        0x0 library/servo.o
 .text          0x00000000        0x0 library/tricolorled.o
 .data          0x00000000        0x0 library/tricolorled.o
 .bss           0x00000000        0x0 library/tricolorled.o
 .text          0x00000000        0x0 library/dht.o
 .data          0x00000000        0x0 library/dht.o
 .bss           0x00000000        0x0 library/dht.o
 .text.dht_gettemperature
                0x00000000       0x1e library/dht.o
 .text.dht_gethumidity
                0x00000000       0x1e library/dht.o
 .text          0x00000000        0x0 library/uart.o
 .data          0x00000000        0x0 library/uart.o
 .bss           0x00000000        0x0 library/uart.o
 .text.USART0_TX_SingleByte
                0x00000000       0x10 library/uart.o
 .text.usart_putchar_printf
                0x00000000       0x1c library/uart.o
 .text.USART0_TX_String
                0x00000000       0x44 library/uart.o
 .rodata.str1.1
                0x00000000       0x15 library/uart.o
 .text.uart_gotoxy
                0x00000000       0x34 library/uart.o
 .text.uart_clear_screen
                0x00000000       0x12 library/uart.o
 .data.str_uart
                0x00000000        0xe library/uart.o
 .text          0x00000000        0x0 main.o
 .data          0x00000000        0x0 main.o
 .bss           0x00000000        0x0 main.o
 .text          0x00000000        0x0 c:/program files (x86)/atmel/studio/7.0/toolchain/avr8/avr8-gnu-toolchain/bin/../lib/gcc/avr/4.9.2/avr6\libgcc.a(_exit.o)
 .data          0x00000000        0x0 c:/program files (x86)/atmel/studio/7.0/toolchain/avr8/avr8-gnu-toolchain/bin/../lib/gcc/avr/4.9.2/avr6\libgcc.a(_exit.o)
 .bss           0x00000000        0x0 c:/program files (x86)/atmel/studio/7.0/toolchain/avr8/avr8-gnu-toolchain/bin/../lib/gcc/avr/4.9.2/avr6\libgcc.a(_exit.o)
 .text.libgcc.mul
                0x00000000        0x0 c:/program files (x86)/atmel/studio/7.0/toolchain/avr8/avr8-gnu-toolchain/bin/../lib/gcc/avr/4.9.2/avr6\libgcc.a(_exit.o)
 .text.libgcc.div
                0x00000000        0x0 c:/program files (x86)/atmel/studio/7.0/toolchain/avr8/avr8-gnu-toolchain/bin/../lib/gcc/avr/4.9.2/avr6\libgcc.a(_exit.o)
 .text.libgcc   0x00000000        0x0 c:/program files (x86)/atmel/studio/7.0/toolchain/avr8/avr8-gnu-toolchain/bin/../lib/gcc/avr/4.9.2/avr6\libgcc.a(_exit.o)
 .text.libgcc.prologue
                0x00000000        0x0 c:/program files (x86)/atmel/studio/7.0/toolchain/avr8/avr8-gnu-toolchain/bin/../lib/gcc/avr/4.9.2/avr6\libgcc.a(_exit.o)
 .text.libgcc.builtins
                0x00000000        0x0 c:/program files (x86)/atmel/studio/7.0/toolchain/avr8/avr8-gnu-toolchain/bin/../lib/gcc/avr/4.9.2/avr6\libgcc.a(_exit.o)
 .text.libgcc.fmul
                0x00000000        0x0 c:/program files (x86)/atmel/studio/7.0/toolchain/avr8/avr8-gnu-toolchain/bin/../lib/gcc/avr/4.9.2/avr6\libgcc.a(_exit.o)
 .text.libgcc.fixed
                0x00000000        0x0 c:/program files (x86)/atmel/studio/7.0/toolchain/avr8/avr8-gnu-toolchain/bin/../lib/gcc/avr/4.9.2/avr6\libgcc.a(_exit.o)
 .text          0x00000000        0x0 c:/program files (x86)/atmel/studio/7.0/toolchain/avr8/avr8-gnu-toolchain/bin/../lib/gcc/avr/4.9.2/avr6\libgcc.a(_tablejump2.o)
 .data          0x00000000        0x0 c:/program files (x86)/atmel/studio/7.0/toolchain/avr8/avr8-gnu-toolchain/bin/../lib/gcc/avr/4.9.2/avr6\libgcc.a(_tablejump2.o)
 .bss           0x00000000        0x0 c:/program files (x86)/atmel/studio/7.0/toolchain/avr8/avr8-gnu-toolchain/bin/../lib/gcc/avr/4.9.2/avr6\libgcc.a(_tablejump2.o)
 .text.libgcc.mul
                0x00000000        0x0 c:/program files (x86)/atmel/studio/7.0/toolchain/avr8/avr8-gnu-toolchain/bin/../lib/gcc/avr/4.9.2/avr6\libgcc.a(_tablejump2.o)
 .text.libgcc.div
                0x00000000        0x0 c:/program files (x86)/atmel/studio/7.0/toolchain/avr8/avr8-gnu-toolchain/bin/../lib/gcc/avr/4.9.2/avr6\libgcc.a(_tablejump2.o)
 .text.libgcc.prologue
                0x00000000        0x0 c:/program files (x86)/atmel/studio/7.0/toolchain/avr8/avr8-gnu-toolchain/bin/../lib/gcc/avr/4.9.2/avr6\libgcc.a(_tablejump2.o)
 .text.libgcc.builtins
                0x00000000        0x0 c:/program files (x86)/atmel/studio/7.0/toolchain/avr8/avr8-gnu-toolchain/bin/../lib/gcc/avr/4.9.2/avr6\libgcc.a(_tablejump2.o)
 .text.libgcc.fmul
                0x00000000        0x0 c:/program files (x86)/atmel/studio/7.0/toolchain/avr8/avr8-gnu-toolchain/bin/../lib/gcc/avr/4.9.2/avr6\libgcc.a(_tablejump2.o)
 .text.libgcc.fixed
                0x00000000        0x0 c:/program files (x86)/atmel/studio/7.0/toolchain/avr8/avr8-gnu-toolchain/bin/../lib/gcc/avr/4.9.2/avr6\libgcc.a(_tablejump2.o)
 .text          0x00000000        0x0 c:/program files (x86)/atmel/studio/7.0/toolchain/avr8/avr8-gnu-toolchain/bin/../lib/gcc/avr/4.9.2/avr6\libgcc.a(_copy_data.o)
 .data          0x00000000        0x0 c:/program files (x86)/atmel/studio/7.0/toolchain/avr8/avr8-gnu-toolchain/bin/../lib/gcc/avr/4.9.2/avr6\libgcc.a(_copy_data.o)
 .bss           0x00000000        0x0 c:/program files (x86)/atmel/studio/7.0/toolchain/avr8/avr8-gnu-toolchain/bin/../lib/gcc/avr/4.9.2/avr6\libgcc.a(_copy_data.o)
 .text.libgcc.mul
                0x00000000        0x0 c:/program files (x86)/atmel/studio/7.0/toolchain/avr8/avr8-gnu-toolchain/bin/../lib/gcc/avr/4.9.2/avr6\libgcc.a(_copy_data.o)
 .text.libgcc.div
                0x00000000        0x0 c:/program files (x86)/atmel/studio/7.0/toolchain/avr8/avr8-gnu-toolchain/bin/../lib/gcc/avr/4.9.2/avr6\libgcc.a(_copy_data.o)
 .text.libgcc   0x00000000        0x0 c:/program files (x86)/atmel/studio/7.0/toolchain/avr8/avr8-gnu-toolchain/bin/../lib/gcc/avr/4.9.2/avr6\libgcc.a(_copy_data.o)
 .text.libgcc.prologue
                0x00000000        0x0 c:/program files (x86)/atmel/studio/7.0/toolchain/avr8/avr8-gnu-toolchain/bin/../lib/gcc/avr/4.9.2/avr6\libgcc.a(_copy_data.o)
 .text.libgcc.builtins
                0x00000000        0x0 c:/program files (x86)/atmel/studio/7.0/toolchain/avr8/avr8-gnu-toolchain/bin/../lib/gcc/avr/4.9.2/avr6\libgcc.a(_copy_data.o)
 .text.libgcc.fmul
                0x00000000        0x0 c:/program files (x86)/atmel/studio/7.0/toolchain/avr8/avr8-gnu-toolchain/bin/../lib/gcc/avr/4.9.2/avr6\libgcc.a(_copy_data.o)
 .text.libgcc.fixed
                0x00000000        0x0 c:/program files (x86)/atmel/studio/7.0/toolchain/avr8/avr8-gnu-toolchain/bin/../lib/gcc/avr/4.9.2/avr6\libgcc.a(_copy_data.o)
 .text          0x00000000        0x0 c:/program files (x86)/atmel/studio/7.0/toolchain/avr8/avr8-gnu-toolchain/bin/../lib/gcc/avr/4.9.2/avr6\libgcc.a(_clear_bss.o)
 .data          0x00000000        0x0 c:/program files (x86)/atmel/studio/7.0/toolchain/avr8/avr8-gnu-toolchain/bin/../lib/gcc/avr/4.9.2/avr6\libgcc.a(_clear_bss.o)
 .bss           0x00000000        0x0 c:/program files (x86)/atmel/studio/7.0/toolchain/avr8/avr8-gnu-toolchain/bin/../lib/gcc/avr/4.9.2/avr6\libgcc.a(_clear_bss.o)
 .text.libgcc.mul
                0x00000000        0x0 c:/program files (x86)/atmel/studio/7.0/toolchain/avr8/avr8-gnu-toolchain/bin/../lib/gcc/avr/4.9.2/avr6\libgcc.a(_clear_bss.o)
 .text.libgcc.div
                0x00000000        0x0 c:/program files (x86)/atmel/studio/7.0/toolchain/avr8/avr8-gnu-toolchain/bin/../lib/gcc/avr/4.9.2/avr6\libgcc.a(_clear_bss.o)
 .text.libgcc   0x00000000        0x0 c:/program files (x86)/atmel/studio/7.0/toolchain/avr8/avr8-gnu-toolchain/bin/../lib/gcc/avr/4.9.2/avr6\libgcc.a(_clear_bss.o)
 .text.libgcc.prologue
                0x00000000        0x0 c:/program files (x86)/atmel/studio/7.0/toolchain/avr8/avr8-gnu-toolchain/bin/../lib/gcc/avr/4.9.2/avr6\libgcc.a(_clear_bss.o)
 .text.libgcc.builtins
                0x00000000        0x0 c:/program files (x86)/atmel/studio/7.0/toolchain/avr8/avr8-gnu-toolchain/bin/../lib/gcc/avr/4.9.2/avr6\libgcc.a(_clear_bss.o)
 .text.libgcc.fmul
                0x00000000        0x0 c:/program files (x86)/atmel/studio/7.0/toolchain/avr8/avr8-gnu-toolchain/bin/../lib/gcc/avr/4.9.2/avr6\libgcc.a(_clear_bss.o)
 .text.libgcc.fixed
                0x00000000        0x0 c:/program files (x86)/atmel/studio/7.0/toolchain/avr8/avr8-gnu-toolchain/bin/../lib/gcc/avr/4.9.2/avr6\libgcc.a(_clear_bss.o)
 .text          0x00000000        0x0 c:/program files (x86)/atmel/studio/7.0/toolchain/avr8/avr8-gnu-toolchain/bin/../lib/gcc/avr/4.9.2/../../../../avr/lib/avr6\libc.a(itoa_ncheck.o)
 .data          0x00000000        0x0 c:/program files (x86)/atmel/studio/7.0/toolchain/avr8/avr8-gnu-toolchain/bin/../lib/gcc/avr/4.9.2/../../../../avr/lib/avr6\libc.a(itoa_ncheck.o)
 .bss           0x00000000        0x0 c:/program files (x86)/atmel/studio/7.0/toolchain/avr8/avr8-gnu-toolchain/bin/../lib/gcc/avr/4.9.2/../../../../avr/lib/avr6\libc.a(itoa_ncheck.o)
 .text          0x00000000        0x0 c:/program files (x86)/atmel/studio/7.0/toolchain/avr8/avr8-gnu-toolchain/bin/../lib/gcc/avr/4.9.2/../../../../avr/lib/avr6\libc.a(utoa_ncheck.o)
 .data          0x00000000        0x0 c:/program files (x86)/atmel/studio/7.0/toolchain/avr8/avr8-gnu-toolchain/bin/../lib/gcc/avr/4.9.2/../../../../avr/lib/avr6\libc.a(utoa_ncheck.o)
 .bss           0x00000000        0x0 c:/program files (x86)/atmel/studio/7.0/toolchain/avr8/avr8-gnu-toolchain/bin/../lib/gcc/avr/4.9.2/../../../../avr/lib/avr6\libc.a(utoa_ncheck.o)
 .text          0x00000000        0x0 c:/program files (x86)/atmel/studio/7.0/toolchain/avr8/avr8-gnu-toolchain/bin/../lib/gcc/avr/4.9.2/../../../../avr/lib/avr6\libc.a(fprintf.o)
 .data          0x00000000        0x0 c:/program files (x86)/atmel/studio/7.0/toolchain/avr8/avr8-gnu-toolchain/bin/../lib/gcc/avr/4.9.2/../../../../avr/lib/avr6\libc.a(fprintf.o)
 .bss           0x00000000        0x0 c:/program files (x86)/atmel/studio/7.0/toolchain/avr8/avr8-gnu-toolchain/bin/../lib/gcc/avr/4.9.2/../../../../avr/lib/avr6\libc.a(fprintf.o)
 .text.avr-libc
                0x00000000       0x20 c:/program files (x86)/atmel/studio/7.0/toolchain/avr8/avr8-gnu-toolchain/bin/../lib/gcc/avr/4.9.2/../../../../avr/lib/avr6\libc.a(fprintf.o)
 .comment       0x00000000       0x31 c:/program files (x86)/atmel/studio/7.0/toolchain/avr8/avr8-gnu-toolchain/bin/../lib/gcc/avr/4.9.2/../../../../avr/lib/avr6\libc.a(fprintf.o)
 .text          0x00000000        0x0 c:/program files (x86)/atmel/studio/7.0/toolchain/avr8/avr8-gnu-toolchain/bin/../lib/gcc/avr/4.9.2/../../../../avr/lib/avr6\libc.a(printf.o)
 .data          0x00000000        0x0 c:/program files (x86)/atmel/studio/7.0/toolchain/avr8/avr8-gnu-toolchain/bin/../lib/gcc/avr/4.9.2/../../../../avr/lib/avr6\libc.a(printf.o)
 .bss           0x00000000        0x0 c:/program files (x86)/atmel/studio/7.0/toolchain/avr8/avr8-gnu-toolchain/bin/../lib/gcc/avr/4.9.2/../../../../avr/lib/avr6\libc.a(printf.o)
 .text.avr-libc
                0x00000000       0x28 c:/program files (x86)/atmel/studio/7.0/toolchain/avr8/avr8-gnu-toolchain/bin/../lib/gcc/avr/4.9.2/../../../../avr/lib/avr6\libc.a(printf.o)
 .comment       0x00000000       0x31 c:/program files (x86)/atmel/studio/7.0/toolchain/avr8/avr8-gnu-toolchain/bin/../lib/gcc/avr/4.9.2/../../../../avr/lib/avr6\libc.a(printf.o)
 .text          0x00000000        0x0 c:/program files (x86)/atmel/studio/7.0/toolchain/avr8/avr8-gnu-toolchain/bin/../lib/gcc/avr/4.9.2/../../../../avr/lib/avr6\libc.a(vfprintf_std.o)
 .data          0x00000000        0x0 c:/program files (x86)/atmel/studio/7.0/toolchain/avr8/avr8-gnu-toolchain/bin/../lib/gcc/avr/4.9.2/../../../../avr/lib/avr6\libc.a(vfprintf_std.o)
 .bss           0x00000000        0x0 c:/program files (x86)/atmel/studio/7.0/toolchain/avr8/avr8-gnu-toolchain/bin/../lib/gcc/avr/4.9.2/../../../../avr/lib/avr6\libc.a(vfprintf_std.o)
 .text.avr-libc
                0x00000000      0x3f6 c:/program files (x86)/atmel/studio/7.0/toolchain/avr8/avr8-gnu-toolchain/bin/../lib/gcc/avr/4.9.2/../../../../avr/lib/avr6\libc.a(vfprintf_std.o)
 .comment       0x00000000       0x2d c:/program files (x86)/atmel/studio/7.0/toolchain/avr8/avr8-gnu-toolchain/bin/../lib/gcc/avr/4.9.2/../../../../avr/lib/avr6\libc.a(vfprintf_std.o)
 .text          0x00000000        0x0 c:/program files (x86)/atmel/studio/7.0/toolchain/avr8/avr8-gnu-toolchain/bin/../lib/gcc/avr/4.9.2/../../../../avr/lib/avr6\libc.a(strnlen_P.o)
 .data          0x00000000        0x0 c:/program files (x86)/atmel/studio/7.0/toolchain/avr8/avr8-gnu-toolchain/bin/../lib/gcc/avr/4.9.2/../../../../avr/lib/avr6\libc.a(strnlen_P.o)
 .bss           0x00000000        0x0 c:/program files (x86)/atmel/studio/7.0/toolchain/avr8/avr8-gnu-toolchain/bin/../lib/gcc/avr/4.9.2/../../../../avr/lib/avr6\libc.a(strnlen_P.o)
 .text.avr-libc
                0x00000000       0x16 c:/program files (x86)/atmel/studio/7.0/toolchain/avr8/avr8-gnu-toolchain/bin/../lib/gcc/avr/4.9.2/../../../../avr/lib/avr6\libc.a(strnlen_P.o)
 .text          0x00000000        0x0 c:/program files (x86)/atmel/studio/7.0/toolchain/avr8/avr8-gnu-toolchain/bin/../lib/gcc/avr/4.9.2/../../../../avr/lib/avr6\libc.a(strnlen.o)
 .data          0x00000000        0x0 c:/program files (x86)/atmel/studio/7.0/toolchain/avr8/avr8-gnu-toolchain/bin/../lib/gcc/avr/4.9.2/../../../../avr/lib/avr6\libc.a(strnlen.o)
 .bss           0x00000000        0x0 c:/program files (x86)/atmel/studio/7.0/toolchain/avr8/avr8-gnu-toolchain/bin/../lib/gcc/avr/4.9.2/../../../../avr/lib/avr6\libc.a(strnlen.o)
 .text.avr-libc
                0x00000000       0x16 c:/program files (x86)/atmel/studio/7.0/toolchain/avr8/avr8-gnu-toolchain/bin/../lib/gcc/avr/4.9.2/../../../../avr/lib/avr6\libc.a(strnlen.o)
 .text          0x00000000        0x0 c:/program files (x86)/atmel/studio/7.0/toolchain/avr8/avr8-gnu-toolchain/bin/../lib/gcc/avr/4.9.2/../../../../avr/lib/avr6\libc.a(strrev.o)
 .data          0x00000000        0x0 c:/program files (x86)/atmel/studio/7.0/toolchain/avr8/avr8-gnu-toolchain/bin/../lib/gcc/avr/4.9.2/../../../../avr/lib/avr6\libc.a(strrev.o)
 .bss           0x00000000        0x0 c:/program files (x86)/atmel/studio/7.0/toolchain/avr8/avr8-gnu-toolchain/bin/../lib/gcc/avr/4.9.2/../../../../avr/lib/avr6\libc.a(strrev.o)
 .text          0x00000000        0x0 c:/program files (x86)/atmel/studio/7.0/toolchain/avr8/avr8-gnu-toolchain/bin/../lib/gcc/avr/4.9.2/../../../../avr/lib/avr6\libc.a(fputc.o)
 .data          0x00000000        0x0 c:/program files (x86)/atmel/studio/7.0/toolchain/avr8/avr8-gnu-toolchain/bin/../lib/gcc/avr/4.9.2/../../../../avr/lib/avr6\libc.a(fputc.o)
 .bss           0x00000000        0x0 c:/program files (x86)/atmel/studio/7.0/toolchain/avr8/avr8-gnu-toolchain/bin/../lib/gcc/avr/4.9.2/../../../../avr/lib/avr6\libc.a(fputc.o)
 .text.avr-libc
                0x00000000       0x70 c:/program files (x86)/atmel/studio/7.0/toolchain/avr8/avr8-gnu-toolchain/bin/../lib/gcc/avr/4.9.2/../../../../avr/lib/avr6\libc.a(fputc.o)
 .comment       0x00000000       0x31 c:/program files (x86)/atmel/studio/7.0/toolchain/avr8/avr8-gnu-toolchain/bin/../lib/gcc/avr/4.9.2/../../../../avr/lib/avr6\libc.a(fputc.o)
 .text          0x00000000        0x0 c:/program files (x86)/atmel/studio/7.0/toolchain/avr8/avr8-gnu-toolchain/bin/../lib/gcc/avr/4.9.2/../../../../avr/lib/avr6\libc.a(iob.o)
 .data          0x00000000        0x0 c:/program files (x86)/atmel/studio/7.0/toolchain/avr8/avr8-gnu-toolchain/bin/../lib/gcc/avr/4.9.2/../../../../avr/lib/avr6\libc.a(iob.o)
 .bss           0x00000000        0x0 c:/program files (x86)/atmel/studio/7.0/toolchain/avr8/avr8-gnu-toolchain/bin/../lib/gcc/avr/4.9.2/../../../../avr/lib/avr6\libc.a(iob.o)
 .comment       0x00000000       0x31 c:/program files (x86)/atmel/studio/7.0/toolchain/avr8/avr8-gnu-toolchain/bin/../lib/gcc/avr/4.9.2/../../../../avr/lib/avr6\libc.a(iob.o)
 COMMON         0x00000000        0x6 c:/program files (x86)/atmel/studio/7.0/toolchain/avr8/avr8-gnu-toolchain/bin/../lib/gcc/avr/4.9.2/../../../../avr/lib/avr6\libc.a(iob.o)
 .text          0x00000000        0x0 c:/program files (x86)/atmel/studio/7.0/toolchain/avr8/avr8-gnu-toolchain/bin/../lib/gcc/avr/4.9.2/../../../../avr/lib/avr6\libc.a(ultoa_invert.o)
 .data          0x00000000        0x0 c:/program files (x86)/atmel/studio/7.0/toolchain/avr8/avr8-gnu-toolchain/bin/../lib/gcc/avr/4.9.2/../../../../avr/lib/avr6\libc.a(ultoa_invert.o)
 .bss           0x00000000        0x0 c:/program files (x86)/atmel/studio/7.0/toolchain/avr8/avr8-gnu-toolchain/bin/../lib/gcc/avr/4.9.2/../../../../avr/lib/avr6\libc.a(ultoa_invert.o)
 .text.avr-libc
                0x00000000       0xbc c:/program files (x86)/atmel/studio/7.0/toolchain/avr8/avr8-gnu-toolchain/bin/../lib/gcc/avr/4.9.2/../../../../avr/lib/avr6\libc.a(ultoa_invert.o)

Memory Configuration

Name             Origin             Length             Attributes
text             0x00000000         0x00100000         xr
data             0x00800200         0x0000fe00         rw !x
eeprom           0x00810000         0x00010000         rw !x
fuse             0x00820000         0x00000400         rw !x
lock             0x00830000         0x00000400         rw !x
signature        0x00840000         0x00000400         rw !x
user_signatures  0x00850000         0x00000400         rw !x
*default*        0x00000000         0xffffffff

Linker script and memory map

Address of section .data set to 0x800200
LOAD C:/Program Files (x86)/Atmel/Studio/7.0/Packs/atmel/ATmega_DFP/1.0.106/gcc/dev/atmega2560/avr6/crtatmega2560.o
LOAD library/ir_rc/ir_remote_nec.o
LOAD library/lcd1602/i2cmaster.o
LOAD library/lcd1602/lcdpcf8574.o
LOAD library/lcd1602/pcf8574.o
LOAD library/ledlight.o
LOAD library/RFID/mfrc522.o
LOAD library/RFID/spi.o
LOAD library/secuButton.o
LOAD library/servo.o
LOAD library/tricolorled.o
LOAD library/dht.o
LOAD library/uart.o
LOAD main.o
START GROUP
LOAD c:/program files (x86)/atmel/studio/7.0/toolchain/avr8/avr8-gnu-toolchain/bin/../lib/gcc/avr/4.9.2/../../../../avr/lib/avr6\libm.a
END GROUP
START GROUP
LOAD c:/program files (x86)/atmel/studio/7.0/toolchain/avr8/avr8-gnu-toolchain/bin/../lib/gcc/avr/4.9.2/avr6\libgcc.a
LOAD c:/program files (x86)/atmel/studio/7.0/toolchain/avr8/avr8-gnu-toolchain/bin/../lib/gcc/avr/4.9.2/../../../../avr/lib/avr6\libm.a
LOAD c:/program files (x86)/atmel/studio/7.0/toolchain/avr8/avr8-gnu-toolchain/bin/../lib/gcc/avr/4.9.2/../../../../avr/lib/avr6\libc.a
LOAD C:/Program Files (x86)/Atmel/Studio/7.0/Packs/atmel/ATmega_DFP/1.0.106/gcc/dev/atmega2560/avr6\libatmega2560.a
END GROUP
                0x00100000                __TEXT_REGION_LENGTH__ = DEFINED (__TEXT_REGION_LENGTH__)?__TEXT_REGION_LENGTH__:0x100000
                0x0000fe00                __DATA_REGION_LENGTH__ = DEFINED (__DATA_REGION_LENGTH__)?__DATA_REGION_LENGTH__:0xfe00
                0x00010000                __EEPROM_REGION_LENGTH__ = DEFINED (__EEPROM_REGION_LENGTH__)?__EEPROM_REGION_LENGTH__:0x10000
                0x00000400                __FUSE_REGION_LENGTH__ = DEFINED (__FUSE_REGION_LENGTH__)?__FUSE_REGION_LENGTH__:0x400
                0x00000400                __LOCK_REGION_LENGTH__ = DEFINED (__LOCK_REGION_LENGTH__)?__LOCK_REGION_LENGTH__:0x400
                0x00000400                __SIGNATURE_REGION_LENGTH__ = DEFINED (__SIGNATURE_REGION_LENGTH__)?__SIGNATURE_REGION_LENGTH__:0x400
                0x00000400                __USER_SIGNATURE_REGION_LENGTH__ = DEFINED (__USER_SIGNATURE_REGION_LENGTH__)?__USER_SIGNATURE_REGION_LENGTH__:0x400

.hash
 *(.hash)

.dynsym
 *(.dynsym)

.dynstr
 *(.dynstr)

.gnu.version
 *(.gnu.version)

.gnu.version_d
 *(.gnu.version_d)

.gnu.version_r
 *(.gnu.version_r)

.rel.init
 *(.rel.init)

.rela.init
 *(.rela.init)

.rel.text
 *(.rel.text)
 *(.rel.text.*)
 *(.rel.gnu.linkonce.t*)

.rela.text
 *(.rela.text)
 *(.rela.text.*)
 *(.rela.gnu.linkonce.t*)

.rel.fini
 *(.rel.fini)

.rela.fini
 *(.rela.fini)

.rel.rodata
 *(.rel.rodata)
 *(.rel.rodata.*)
 *(.rel.gnu.linkonce.r*)

.rela.rodata
 *(.rela.rodata)
 *(.rela.rodata.*)
 *(.rela.gnu.linkonce.r*)

.rel.data
 *(.rel.data)
 *(.rel.data.*)
 *(.rel.gnu.linkonce.d*)

.rela.data
 *(.rela.data)
 *(.rela.data.*)
 *(.rela.gnu.linkonce.d*)

.rel.ctors
 *(.rel.ctors)

.rela.ctors
 *(.rela.ctors)

.rel.dtors
 *(.rel.dtors)

.rela.dtors
 *(.rela.dtors)

.rel.got
 *(.rel.got)

.rela.got
 *(.rela.got)

.rel.bss
 *(.rel.bss)

.rela.bss
 *(.rela.bss)

.rel.plt
 *(.rel.plt)

.rela.plt
 *(.rela.plt)

.text           0x00000000     0x1768
 *(.vectors)
 .vectors       0x00000000       0xe4 C:/Program Files (x86)/Atmel/Studio/7.0/Packs/atmel/ATmega_DFP/1.0.106/gcc/dev/atmega2560/avr6/crtatmega2560.o
                0x00000000                __vector_default
                0x00000000                __vectors
 *(.vectors)
 *(.progmem.gcc*)
 .progmem.gcc_sw_table.HandleIR
                0x000000e4       0x16 main.o
                0x000000fa                . = ALIGN (0x2)
                0x000000fa                __trampolines_start = .
 *(.trampolines)
 .trampolines   0x000000fa        0x0 linker stubs
 *(.trampolines*)
                0x000000fa                __trampolines_end = .
 *libprintf_flt.a:*(.progmem.data)
 *libc.a:*(.progmem.data)
 *(.progmem*)
                0x000000fa                . = ALIGN (0x2)
 *(.jumptables)
 *(.jumptables*)
 *(.lowtext)
 *(.lowtext*)
                0x000000fa                __ctors_start = .
 *(.ctors)
                0x000000fa                __ctors_end = .
                0x000000fa                __dtors_start = .
 *(.dtors)
                0x000000fa                __dtors_end = .
 SORT(*)(.ctors)
 SORT(*)(.dtors)
 *(.init0)
 .init0         0x000000fa        0x0 C:/Program Files (x86)/Atmel/Studio/7.0/Packs/atmel/ATmega_DFP/1.0.106/gcc/dev/atmega2560/avr6/crtatmega2560.o
                0x000000fa                __init
 *(.init0)
 *(.init1)
 *(.init1)
 *(.init2)
 .init2         0x000000fa       0x10 C:/Program Files (x86)/Atmel/Studio/7.0/Packs/atmel/ATmega_DFP/1.0.106/gcc/dev/atmega2560/avr6/crtatmega2560.o
 *(.init2)
 *(.init3)
 *(.init3)
 *(.init4)
 .init4         0x0000010a       0x1a c:/program files (x86)/atmel/studio/7.0/toolchain/avr8/avr8-gnu-toolchain/bin/../lib/gcc/avr/4.9.2/avr6\libgcc.a(_copy_data.o)
                0x0000010a                __do_copy_data
 .init4         0x00000124       0x10 c:/program files (x86)/atmel/studio/7.0/toolchain/avr8/avr8-gnu-toolchain/bin/../lib/gcc/avr/4.9.2/avr6\libgcc.a(_clear_bss.o)
                0x00000124                __do_clear_bss
 *(.init4)
 *(.init5)
 *(.init5)
 *(.init6)
 *(.init6)
 *(.init7)
 *(.init7)
 *(.init8)
 *(.init8)
 *(.init9)
 .init9         0x00000134        0x8 C:/Program Files (x86)/Atmel/Studio/7.0/Packs/atmel/ATmega_DFP/1.0.106/gcc/dev/atmega2560/avr6/crtatmega2560.o
 *(.init9)
 *(.text)
 .text          0x0000013c        0x2 C:/Program Files (x86)/Atmel/Studio/7.0/Packs/atmel/ATmega_DFP/1.0.106/gcc/dev/atmega2560/avr6/crtatmega2560.o
                0x0000013c                __vector_38
                0x0000013c                __vector_22
                0x0000013c                __vector_28
                0x0000013c                __vector_1
                0x0000013c                __vector_32
                0x0000013c                __vector_34
                0x0000013c                __vector_24
                0x0000013c                __vector_12
                0x0000013c                __vector_55
                0x0000013c                __vector_46
                0x0000013c                __bad_interrupt
                0x0000013c                __vector_6
                0x0000013c                __vector_31
                0x0000013c                __vector_35
                0x0000013c                __vector_39
                0x0000013c                __vector_23
                0x0000013c                __vector_30
                0x0000013c                __vector_45
                0x0000013c                __vector_11
                0x0000013c                __vector_54
                0x0000013c                __vector_13
                0x0000013c                __vector_19
                0x0000013c                __vector_56
                0x0000013c                __vector_7
                0x0000013c                __vector_49
                0x0000013c                __vector_41
                0x0000013c                __vector_43
                0x0000013c                __vector_27
                0x0000013c                __vector_5
                0x0000013c                __vector_33
                0x0000013c                __vector_52
                0x0000013c                __vector_37
                0x0000013c                __vector_44
                0x0000013c                __vector_51
                0x0000013c                __vector_9
                0x0000013c                __vector_2
                0x0000013c                __vector_21
                0x0000013c                __vector_15
                0x0000013c                __vector_36
                0x0000013c                __vector_29
                0x0000013c                __vector_40
                0x0000013c                __vector_8
                0x0000013c                __vector_26
                0x0000013c                __vector_48
                0x0000013c                __vector_14
                0x0000013c                __vector_53
                0x0000013c                __vector_10
                0x0000013c                __vector_50
                0x0000013c                __vector_16
                0x0000013c                __vector_18
                0x0000013c                __vector_20
                0x0000013c                __vector_42
                0x0000013e                . = ALIGN (0x2)
 *(.text.*)
 .text.ir_reset
                0x0000013e       0x1a library/ir_rc/ir_remote_nec.o
                0x0000013e                ir_reset
 .text.ir_init  0x00000158       0x52 library/ir_rc/ir_remote_nec.o
                0x00000158                ir_init
 .text.ir_check_command
                0x000001aa        0xa library/ir_rc/ir_remote_nec.o
                0x000001aa                ir_check_command
 .text.ir_check_timeout
                0x000001b4       0x42 library/ir_rc/ir_remote_nec.o
                0x000001b4                ir_check_timeout
 .text.__vector_17
                0x000001f6       0x70 library/ir_rc/ir_remote_nec.o
                0x000001f6                __vector_17
 .text.ir_handle_state_wait_edge_falling
                0x00000266       0x18 library/ir_rc/ir_remote_nec.o
                0x00000266                ir_handle_state_wait_edge_falling
 .text.ir_handle_state_start_edge_falling
                0x0000027e       0xb6 library/ir_rc/ir_remote_nec.o
                0x0000027e                ir_handle_state_start_edge_falling
 .text.ir_handle_state_start_edge_rising
                0x00000334       0x18 library/ir_rc/ir_remote_nec.o
                0x00000334                ir_handle_state_start_edge_rising
 .text.ir_handle_state_bits_edge_falling
                0x0000034c      0x196 library/ir_rc/ir_remote_nec.o
                0x0000034c                ir_handle_state_bits_edge_falling
 .text.ir_handle_state_bits_edge_rising
                0x000004e2       0x18 library/ir_rc/ir_remote_nec.o
                0x000004e2                ir_handle_state_bits_edge_rising
 .text.ir_handle_state_stop
                0x000004fa       0x46 library/ir_rc/ir_remote_nec.o
                0x000004fa                ir_handle_state_stop
 .text.__vector_4
                0x00000540       0xe4 library/ir_rc/ir_remote_nec.o
                0x00000540                __vector_4
 .text.i2c_init
                0x00000624        0xc library/lcd1602/i2cmaster.o
                0x00000624                i2c_init
 .text.i2c_start
                0x00000630       0x4e library/lcd1602/i2cmaster.o
                0x00000630                i2c_start
 .text.i2c_stop
                0x0000067e       0x12 library/lcd1602/i2cmaster.o
                0x0000067e                i2c_stop
 .text.i2c_write
                0x00000690       0x24 library/lcd1602/i2cmaster.o
                0x00000690                i2c_write
 .text.lcd_read
                0x000006b4       0x68 library/lcd1602/lcdpcf8574.o
 .text.lcd_waitbusy
                0x0000071c       0x16 library/lcd1602/lcdpcf8574.o
 .text.toggle_e
                0x00000732       0x10 library/lcd1602/lcdpcf8574.o
 .text.lcd_write
                0x00000742      0x138 library/lcd1602/lcdpcf8574.o
 .text.lcd_command
                0x0000087a       0x10 library/lcd1602/lcdpcf8574.o
                0x0000087a                lcd_command
 .text.lcd_gotoxy
                0x0000088a       0x10 library/lcd1602/lcdpcf8574.o
                0x0000088a                lcd_gotoxy
 .text.lcd_clrscr
                0x0000089a        0x6 library/lcd1602/lcdpcf8574.o
                0x0000089a                lcd_clrscr
 .text.lcd_led  0x000008a0       0x24 library/lcd1602/lcdpcf8574.o
                0x000008a0                lcd_led
 .text.lcd_home
                0x000008c4        0x6 library/lcd1602/lcdpcf8574.o
                0x000008c4                lcd_home
 .text.lcd_putc
                0x000008ca       0x3c library/lcd1602/lcdpcf8574.o
                0x000008ca                lcd_putc
 .text.lcd_puts
                0x00000906       0x1e library/lcd1602/lcdpcf8574.o
                0x00000906                lcd_puts
 .text.lcd_init
                0x00000924       0x8a library/lcd1602/lcdpcf8574.o
                0x00000924                lcd_init
 .text.pcf8574_init
                0x000009ae       0x20 library/lcd1602/pcf8574.o
                0x000009ae                pcf8574_init
 .text.pcf8574_getoutputpin
                0x000009ce       0x2e library/lcd1602/pcf8574.o
                0x000009ce                pcf8574_getoutputpin
 .text.pcf8574_setoutput
                0x000009fc       0x2c library/lcd1602/pcf8574.o
                0x000009fc                pcf8574_setoutput
 .text.pcf8574_setoutputpin
                0x00000a28       0x68 library/lcd1602/pcf8574.o
                0x00000a28                pcf8574_setoutputpin
 .text.pcf8574_setoutputpinhigh
                0x00000a90        0x6 library/lcd1602/pcf8574.o
                0x00000a90                pcf8574_setoutputpinhigh
 .text.pcf8574_setoutputpinlow
                0x00000a96        0x6 library/lcd1602/pcf8574.o
                0x00000a96                pcf8574_setoutputpinlow
 .text.LEDLIGHT_Timer4_PWM_ChannelA_Init
                0x00000a9c       0x2c library/ledlight.o
                0x00000a9c                LEDLIGHT_Timer4_PWM_ChannelA_Init
 .text.mfrc522_write
                0x00000ac8       0x16 library/RFID/mfrc522.o
                0x00000ac8                mfrc522_write
 .text.mfrc522_read
                0x00000ade       0x12 library/RFID/mfrc522.o
                0x00000ade                mfrc522_read
 .text.mfrc522_reset
                0x00000af0        0x8 library/RFID/mfrc522.o
                0x00000af0                mfrc522_reset
 .text.mfrc522_init
                0x00000af8       0x3a library/RFID/mfrc522.o
                0x00000af8                mfrc522_init
 .text.mfrc522_to_card
                0x00000b32      0x272 library/RFID/mfrc522.o
                0x00000b32                mfrc522_to_card
 .text.mfrc522_request
                0x00000da4       0x64 library/RFID/mfrc522.o
                0x00000da4                mfrc522_request
 .text.mfrc522_get_card_serial
                0x00000e08       0x6c library/RFID/mfrc522.o
                0x00000e08                mfrc522_get_card_serial
 .text.spi_init
                0x00000e74       0x10 library/RFID/spi.o
                0x00000e74                spi_init
 .text.spi_transmit
                0x00000e84        0xc library/RFID/spi.o
                0x00000e84                spi_transmit
 .text.alarm_ON
                0x00000e90       0x18 library/secuButton.o
                0x00000e90                alarm_ON
 .text.alarm_OFF
                0x00000ea8        0xe library/secuButton.o
                0x00000ea8                alarm_OFF
 .text.securityInit
                0x00000eb6       0x2c library/secuButton.o
                0x00000eb6                securityInit
 .text.__vector_3
                0x00000ee2       0x5a library/secuButton.o
                0x00000ee2                __vector_3
 .text.Servo_Timer3_FastPWM
                0x00000f3c       0x40 library/servo.o
                0x00000f3c                Servo_Timer3_FastPWM
 .text.SetServoPosition
                0x00000f7c       0x20 library/servo.o
                0x00000f7c                SetServoPosition
 .text.tricolorled_onoff
                0x00000f9c       0x6c library/tricolorled.o
                0x00000f9c                tricolorled_onoff
 .text.triColorLed_init
                0x00001008       0x70 library/tricolorled.o
                0x00001008                triColorLed_init
 .text.tricolorled_toggle
                0x00001078       0x42 library/tricolorled.o
                0x00001078                tricolorled_toggle
 .text.dht_getdata
                0x000010ba      0x15a library/dht.o
                0x000010ba                dht_getdata
 .text.dht_gettemperaturehumidity
                0x00001214        0x4 library/dht.o
                0x00001214                dht_gettemperaturehumidity
 .text.USART0_SETUP_9600_BAUD_ASSUME_1MHz_CLOCK
                0x00001218       0x1e library/uart.o
                0x00001218                USART0_SETUP_9600_BAUD_ASSUME_1MHz_CLOCK
 .text.__vector_25
                0x00001236       0x14 library/uart.o
                0x00001236                __vector_25
 .text.tiemr5_10ms_tick_configure
                0x0000124a       0x28 main.o
                0x0000124a                tiemr5_10ms_tick_configure
 .text.__vector_47
                0x00001272       0xb8 main.o
                0x00001272                __vector_47
 .text.HandleTempHum
                0x0000132a       0x70 main.o
                0x0000132a                HandleTempHum
 .text.HandleRFID
                0x0000139a       0x96 main.o
                0x0000139a                HandleRFID
 .text.HandleIR
                0x00001430      0x26e main.o
                0x00001430                HandleIR
 .text.lcdFormate
                0x0000169e       0x24 main.o
                0x0000169e                lcdFormate
 .text.main     0x000016c2       0x2c main.o
                0x000016c2                main
 .text.libgcc   0x000016ee       0x10 c:/program files (x86)/atmel/studio/7.0/toolchain/avr8/avr8-gnu-toolchain/bin/../lib/gcc/avr/4.9.2/avr6\libgcc.a(_tablejump2.o)
                0x000016ee                __tablejump2__
 .text.avr-libc
                0x000016fe       0x14 c:/program files (x86)/atmel/studio/7.0/toolchain/avr8/avr8-gnu-toolchain/bin/../lib/gcc/avr/4.9.2/../../../../avr/lib/avr6\libc.a(itoa_ncheck.o)
                0x000016fe                __itoa_ncheck
 .text.avr-libc
                0x00001712       0x32 c:/program files (x86)/atmel/studio/7.0/toolchain/avr8/avr8-gnu-toolchain/bin/../lib/gcc/avr/4.9.2/../../../../avr/lib/avr6\libc.a(utoa_ncheck.o)
                0x00001712                __utoa_ncheck
                0x00001714                __utoa_common
 .text.avr-libc
                0x00001744       0x20 c:/program files (x86)/atmel/studio/7.0/toolchain/avr8/avr8-gnu-toolchain/bin/../lib/gcc/avr/4.9.2/../../../../avr/lib/avr6\libc.a(strrev.o)
                0x00001744                strrev
                0x00001764                . = ALIGN (0x2)
 *(.fini9)
 .fini9         0x00001764        0x0 c:/program files (x86)/atmel/studio/7.0/toolchain/avr8/avr8-gnu-toolchain/bin/../lib/gcc/avr/4.9.2/avr6\libgcc.a(_exit.o)
                0x00001764                _exit
                0x00001764                exit
 *(.fini9)
 *(.fini8)
 *(.fini8)
 *(.fini7)
 *(.fini7)
 *(.fini6)
 *(.fini6)
 *(.fini5)
 *(.fini5)
 *(.fini4)
 *(.fini4)
 *(.fini3)
 *(.fini3)
 *(.fini2)
 *(.fini2)
 *(.fini1)
 *(.fini1)
 *(.fini0)
 .fini0         0x00001764        0x4 c:/program files (x86)/atmel/studio/7.0/toolchain/avr8/avr8-gnu-toolchain/bin/../lib/gcc/avr/4.9.2/avr6\libgcc.a(_exit.o)
 *(.fini0)
                0x00001768                _etext = .

.data           0x00800200       0x44 load address 0x00001768
                0x00800200                PROVIDE (__data_start, .)
 *(.data)
 *(.data*)
 .data.lockerState
                0x00800200        0x1 main.o
                0x00800200                lockerState
 .data.sampleFlag
                0x00800201        0x1 main.o
                0x00800201                sampleFlag
 *(.rodata)
 *(.rodata*)
 .rodata.str1.1
                0x00800202        0x3 library/secuButton.o
                                  0x7 (size before relaxing)
 .rodata.str1.1
                0x00800205       0x2f main.o
                                 0x33 (size before relaxing)
 .rodata.KEYstr
                0x00800234       0x10 main.o
                0x00800234                KEYstr
 *(.gnu.linkonce.d*)
                0x00800244                . = ALIGN (0x2)
                0x00800244                _edata = .
                0x00800244                PROVIDE (__data_end, .)

.bss            0x00800244       0x38
                0x00800244                PROVIDE (__bss_start, .)
 *(.bss)
 *(.bss*)
 .bss.dataport  0x00800244        0x1 library/lcd1602/lcdpcf8574.o
                0x00800244                dataport
 .bss.SwitchesValue.2271
                0x00800245        0x1 main.o
 .bss.ms_300_count.2258
                0x00800246        0x1 main.o
 .bss.s_1_count.2257
                0x00800247        0x2 main.o
 .bss.irFlag    0x00800249        0x1 main.o
                0x00800249                irFlag
 .bss.rfidFlag  0x0080024a        0x1 main.o
                0x0080024a                rfidFlag
 *(COMMON)
 COMMON         0x0080024b       0x15 library/ir_rc/ir_remote_nec.o
                0x0080024b                newCommandFlag
                0x0080024c                repeat
                0x0080024d                command
                0x00800251                state
                0x00800252                total_cycles_counter
                0x00800256                current_command
                0x0080025a                command_bits_counter
                0x0080025b                edge
                0x0080025c                cycles_counter
 COMMON         0x00800260        0x8 library/lcd1602/lcdpcf8574.o
                0x00800260                pcf8574_pinstatus
 COMMON         0x00800268        0x2 library/secuButton.o
                0x00800268                securityEnableFlag
                0x00800269                alarmFlag
 COMMON         0x0080026a       0x12 main.o
                0x0080026a                temperature
                0x0080026b                RFIDstr
                0x0080027b                humidity
                0x0080027c                PROVIDE (__bss_end, .)
                0x00001768                __data_load_start = LOADADDR (.data)
                0x000017ac                __data_load_end = (__data_load_start + SIZEOF (.data))

.noinit         0x0080027c        0x0
                [!provide]                PROVIDE (__noinit_start, .)
 *(.noinit*)
                [!provide]                PROVIDE (__noinit_end, .)
                0x0080027c                _end = .
                [!provide]                PROVIDE (__heap_start, .)

.eeprom         0x00810000        0x0
 *(.eeprom*)
                0x00810000                __eeprom_end = .

.fuse
 *(.fuse)
 *(.lfuse)
 *(.hfuse)
 *(.efuse)

.lock
 *(.lock*)

.signature
 *(.signature*)

.user_signatures
 *(.user_signatures*)

.stab
 *(.stab)

.stabstr
 *(.stabstr)

.stab.excl
 *(.stab.excl)

.stab.exclstr
 *(.stab.exclstr)

.stab.index
 *(.stab.index)

.stab.indexstr
 *(.stab.indexstr)

.comment        0x00000000       0x30
 *(.comment)
 .comment       0x00000000       0x30 library/ir_rc/ir_remote_nec.o
                                 0x31 (size before relaxing)
 .comment       0x00000030       0x31 library/lcd1602/i2cmaster.o
 .comment       0x00000030       0x31 library/lcd1602/lcdpcf8574.o
 .comment       0x00000030       0x31 library/lcd1602/pcf8574.o
 .comment       0x00000030       0x31 library/ledlight.o
 .comment       0x00000030       0x31 library/RFID/mfrc522.o
 .comment       0x00000030       0x31 library/RFID/spi.o
 .comment       0x00000030       0x31 library/secuButton.o
 .comment       0x00000030       0x31 library/servo.o
 .comment       0x00000030       0x31 library/tricolorled.o
 .comment       0x00000030       0x31 library/dht.o
 .comment       0x00000030       0x31 library/uart.o
 .comment       0x00000030       0x31 main.o

.note.gnu.avr.deviceinfo
                0x00000000       0x40
 .note.gnu.avr.deviceinfo
                0x00000000       0x40 C:/Program Files (x86)/Atmel/Studio/7.0/Packs/atmel/ATmega_DFP/1.0.106/gcc/dev/atmega2560/avr6/crtatmega2560.o

.note.gnu.build-id
 *(.note.gnu.build-id)

.debug
 *(.debug)

.line
 *(.line)

.debug_srcinfo
 *(.debug_srcinfo)

.debug_sfnames
 *(.debug_sfnames)

.debug_aranges  0x00000000      0x3d0
 *(.debug_aranges)
 .debug_aranges
                0x00000000       0x80 library/ir_rc/ir_remote_nec.o
 .debug_aranges
                0x00000080       0x58 library/lcd1602/i2cmaster.o
 .debug_aranges
                0x000000d8       0x90 library/lcd1602/lcdpcf8574.o
 .debug_aranges
                0x00000168       0x68 library/lcd1602/pcf8574.o
 .debug_aranges
                0x000001d0       0x20 library/ledlight.o
 .debug_aranges
                0x000001f0       0x50 library/RFID/mfrc522.o
 .debug_aranges
                0x00000240       0x28 library/RFID/spi.o
 .debug_aranges
                0x00000268       0x38 library/secuButton.o
 .debug_aranges
                0x000002a0       0x28 library/servo.o
 .debug_aranges
                0x000002c8       0x30 library/tricolorled.o
 .debug_aranges
                0x000002f8       0x38 library/dht.o
 .debug_aranges
                0x00000330       0x50 library/uart.o
 .debug_aranges
                0x00000380       0x50 main.o

.debug_pubnames
 *(.debug_pubnames)

.debug_info     0x00000000     0x33d5
 *(.debug_info .gnu.linkonce.wi.*)
 .debug_info    0x00000000      0x3bd library/ir_rc/ir_remote_nec.o
 .debug_info    0x000003bd      0x1bd library/lcd1602/i2cmaster.o
 .debug_info    0x0000057a      0x852 library/lcd1602/lcdpcf8574.o
 .debug_info    0x00000dcc      0x55d library/lcd1602/pcf8574.o
 .debug_info    0x00001329       0x8d library/ledlight.o
 .debug_info    0x000013b6      0x70c library/RFID/mfrc522.o
 .debug_info    0x00001ac2       0xac library/RFID/spi.o
 .debug_info    0x00001b6e      0x2cd library/secuButton.o
 .debug_info    0x00001e3b       0xb2 library/servo.o
 .debug_info    0x00001eed      0x26c library/tricolorled.o
 .debug_info    0x00002159      0x45b library/dht.o
 .debug_info    0x000025b4      0x31f library/uart.o
 .debug_info    0x000028d3      0xb02 main.o

.debug_abbrev   0x00000000     0x1265
 *(.debug_abbrev)
 .debug_abbrev  0x00000000      0x137 library/ir_rc/ir_remote_nec.o
 .debug_abbrev  0x00000137       0xe5 library/lcd1602/i2cmaster.o
 .debug_abbrev  0x0000021c      0x2b0 library/lcd1602/lcdpcf8574.o
 .debug_abbrev  0x000004cc      0x1eb library/lcd1602/pcf8574.o
 .debug_abbrev  0x000006b7       0x4f library/ledlight.o
 .debug_abbrev  0x00000706      0x140 library/RFID/mfrc522.o
 .debug_abbrev  0x00000846       0x78 library/RFID/spi.o
 .debug_abbrev  0x000008be      0x153 library/secuButton.o
 .debug_abbrev  0x00000a11       0x76 library/servo.o
 .debug_abbrev  0x00000a87      0x136 library/tricolorled.o
 .debug_abbrev  0x00000bbd      0x19f library/dht.o
 .debug_abbrev  0x00000d5c      0x1f7 library/uart.o
 .debug_abbrev  0x00000f53      0x312 main.o

.debug_line     0x00000000     0x236e
 *(.debug_line .debug_line.* .debug_line_end)
 .debug_line    0x00000000      0x3f2 library/ir_rc/ir_remote_nec.o
 .debug_line    0x000003f2      0x2d4 library/lcd1602/i2cmaster.o
 .debug_line    0x000006c6      0x4d5 library/lcd1602/lcdpcf8574.o
 .debug_line    0x00000b9b      0x3b4 library/lcd1602/pcf8574.o
 .debug_line    0x00000f4f       0xcf library/ledlight.o
 .debug_line    0x0000101e      0x3b8 library/RFID/mfrc522.o
 .debug_line    0x000013d6       0xe3 library/RFID/spi.o
 .debug_line    0x000014b9      0x1b4 library/secuButton.o
 .debug_line    0x0000166d      0x113 library/servo.o
 .debug_line    0x00001780      0x1f5 library/tricolorled.o
 .debug_line    0x00001975      0x28d library/dht.o
 .debug_line    0x00001c02      0x1be library/uart.o
 .debug_line    0x00001dc0      0x5ae main.o

.debug_frame    0x00000000      0x934
 *(.debug_frame)
 .debug_frame   0x00000000      0x14c library/ir_rc/ir_remote_nec.o
 .debug_frame   0x0000014c       0xa0 library/lcd1602/i2cmaster.o
 .debug_frame   0x000001ec      0x154 library/lcd1602/lcdpcf8574.o
 .debug_frame   0x00000340       0xe0 library/lcd1602/pcf8574.o
 .debug_frame   0x00000420       0x24 library/ledlight.o
 .debug_frame   0x00000444      0x12c library/RFID/mfrc522.o
 .debug_frame   0x00000570       0x34 library/RFID/spi.o
 .debug_frame   0x000005a4       0x9c library/secuButton.o
 .debug_frame   0x00000640       0x34 library/servo.o
 .debug_frame   0x00000674       0x44 library/tricolorled.o
 .debug_frame   0x000006b8       0xac library/dht.o
 .debug_frame   0x00000764       0xdc library/uart.o
 .debug_frame   0x00000840       0xf4 main.o

.debug_str      0x00000000      0xc23
 *(.debug_str)
 .debug_str     0x00000000      0x353 library/ir_rc/ir_remote_nec.o
                                0x3b3 (size before relaxing)
 .debug_str     0x00000353       0xe7 library/lcd1602/i2cmaster.o
                                0x20c (size before relaxing)
 .debug_str     0x0000043a      0x197 library/lcd1602/lcdpcf8574.o
                                0x337 (size before relaxing)
 .debug_str     0x000005d1       0xe2 library/lcd1602/pcf8574.o
                                0x329 (size before relaxing)
 .debug_str     0x000006b3       0x38 library/ledlight.o
                                0x1c1 (size before relaxing)
 .debug_str     0x000006eb      0x114 library/RFID/mfrc522.o
                                0x2ae (size before relaxing)
 .debug_str     0x000007ff       0x1f library/RFID/spi.o
                                0x1b1 (size before relaxing)
 .debug_str     0x0000081e      0x138 library/secuButton.o
                                0x271 (size before relaxing)
 .debug_str     0x00000956       0x39 library/servo.o
                                0x1c2 (size before relaxing)
 .debug_str     0x0000098f       0x5b library/tricolorled.o
                                0x229 (size before relaxing)
 .debug_str     0x000009ea       0x6f library/dht.o
                                0x2bd (size before relaxing)
 .debug_str     0x00000a59       0xca library/uart.o
                                0x29c (size before relaxing)
 .debug_str     0x00000b23      0x100 main.o
                                0x503 (size before relaxing)

.debug_loc      0x00000000     0x240d
 *(.debug_loc)
 .debug_loc     0x00000000      0x154 library/ir_rc/ir_remote_nec.o
 .debug_loc     0x00000154      0x12d library/lcd1602/i2cmaster.o
 .debug_loc     0x00000281      0x5bb library/lcd1602/lcdpcf8574.o
 .debug_loc     0x0000083c      0x6f6 library/lcd1602/pcf8574.o
 .debug_loc     0x00000f32      0x754 library/RFID/mfrc522.o
 .debug_loc     0x00001686       0x1f library/RFID/spi.o
 .debug_loc     0x000016a5       0xcb library/secuButton.o
 .debug_loc     0x00001770       0x3a library/servo.o
 .debug_loc     0x000017aa      0x123 library/tricolorled.o
 .debug_loc     0x000018cd      0x5b7 library/dht.o
 .debug_loc     0x00001e84      0x29e library/uart.o
 .debug_loc     0x00002122      0x2eb main.o

.debug_macinfo
 *(.debug_macinfo)

.debug_weaknames
 *(.debug_weaknames)

.debug_funcnames
 *(.debug_funcnames)

.debug_typenames
 *(.debug_typenames)

.debug_varnames
 *(.debug_varnames)

.debug_pubtypes
 *(.debug_pubtypes)

.debug_ranges   0x00000000      0x340
 *(.debug_ranges)
 .debug_ranges  0x00000000       0x70 library/ir_rc/ir_remote_nec.o
 .debug_ranges  0x00000070       0x48 library/lcd1602/i2cmaster.o
 .debug_ranges  0x000000b8       0x98 library/lcd1602/lcdpcf8574.o
 .debug_ranges  0x00000150       0x58 library/lcd1602/pcf8574.o
 .debug_ranges  0x000001a8       0x10 library/ledlight.o
 .debug_ranges  0x000001b8       0x40 library/RFID/mfrc522.o
 .debug_ranges  0x000001f8       0x18 library/RFID/spi.o
 .debug_ranges  0x00000210       0x28 library/secuButton.o
 .debug_ranges  0x00000238       0x18 library/servo.o
 .debug_ranges  0x00000250       0x20 library/tricolorled.o
 .debug_ranges  0x00000270       0x50 library/dht.o
 .debug_ranges  0x000002c0       0x40 library/uart.o
 .debug_ranges  0x00000300       0x40 main.o

.debug_macro
 *(.debug_macro)
OUTPUT(smartMuseumShowcase_2560_C.elf elf32-avr)
LOAD linker stubs
